../Core/Src/main.c:76:6:DrawBuffer	24	static
../Core/Src/main.c:89:6:FillScreen	16	static
../Core/Src/main.c:97:6:EmptyScreen	16	static
../Core/Src/main.c:107:6:check_mpu	8	static
../Core/Src/main.c:115:6:MPU6050_Init	32	static
../Core/Src/main.c:128:13:MPU6050_Read_Accel	48	static
../Core/Src/main.c:141:6:TestAccel	32	static
../Core/Src/main.c:166:5:main	8	static
../Core/Src/main.c:219:6:SystemClock_Config	72	static
../Core/Src/main.c:256:13:MX_I2C1_Init	8	static
../Core/Src/main.c:290:13:MX_GPIO_Init	32	static
../Core/Src/main.c:352:6:Error_Handler	4	static,ignoring_inline_asm
