../Core/Src/main.c:97:6:DrawBuffer	24	static
../Core/Src/main.c:110:6:DrawBufferDim	16	static
../Core/Src/main.c:123:6:FillScreen	16	static
../Core/Src/main.c:131:6:EmptyScreen	16	static
../Core/Src/main.c:143:6:SetPixel	24	static
../Core/Src/main.c:151:6:HAL_GPIO_EXTI_Callback	16	static
../Core/Src/main.c:170:5:main	24	static
../Core/Src/main.c:273:6:SystemClock_Config	72	static
../Core/Src/main.c:313:13:MX_I2C1_Init	8	static
../Core/Src/main.c:347:13:MX_GPIO_Init	40	static
../Core/Src/main.c:396:6:Error_Handler	4	static
