../Core/Src/SimC.c:16:7:get_out_string	48	static
../Core/Src/SimC.c:63:6:generate_output	32	static
../Core/Src/SimC.c:77:6:generate_output_external	48	static
../Core/Src/SimC.c:91:6:init_particles	16	static
../Core/Src/SimC.c:100:6:init_particles_middle	16	static
../Core/Src/SimC.c:110:6:clear_grid	16	static
../Core/Src/SimC.c:119:6:particle_to_grid	40	static
../Core/Src/SimC.c:142:6:apply_gravity	24	static
../Core/Src/SimC.c:153:6:set_gravity_direction	32	static
../Core/Src/SimC.c:165:6:grid_to_particle	32	static
../Core/Src/SimC.c:178:6:advect_particles	24	static
../Core/Src/SimC.c:193:6:apply_repulsion_global	16	static
../Core/Src/SimC.c:201:6:advect_particles_circular	56	static
../Core/Src/SimC.c:233:6:apply_repulsion	56	static
../Core/Src/SimC.c:259:6:apply_repulsion_optimized_without_hash	88	static
../Core/Src/SimC.c:323:6:step_simulation	8	static
